// Jest Snapshot v1, https://goo.gl/fbAQLP

exports[`testing reducer from magasin is correct 1`] = `Array []`;
